go: downloading cloud.google.com/go/pubsub v1.45.3
go: downloading entgo.io/contrib v0.6.0
go: downloading entgo.io/ent v0.14.1
go: downloading github.com/99designs/gqlgen v0.17.62
go: downloading cloud.google.com/go v0.116.0
go: downloading github.com/go-sql-driver/mysql v1.8.1
go: downloading github.com/mattn/go-sqlite3 v1.14.16
go: downloading github.com/prometheus/client_golang v1.20.4
go: downloading gocloud.dev v0.37.0
go: downloading github.com/urfave/cli v1.22.5
go: downloading golang.org/x/net v0.40.0
go: downloading golang.org/x/oauth2 v0.26.0
go: downloading google.golang.org/grpc v1.72.1
go: downloading github.com/golang-jwt/jwt v3.2.2+incompatible
go: downloading github.com/stretchr/testify v1.10.0
go: downloading github.com/google/go-cmp v0.6.0
go: downloading google.golang.org/protobuf v1.36.6
go: downloading github.com/gorilla/websocket v1.5.3
go: downloading github.com/cloudflare/circl v1.5.0
go: downloading github.com/hashicorp/golang-lru/v2 v2.0.7
go: downloading golang.org/x/crypto v0.38.0
go: downloading github.com/hashicorp/go-multierror v1.1.1
go: downloading github.com/vektah/gqlparser/v2 v2.5.21
go: downloading golang.org/x/sync v0.14.0
go: downloading golang.org/x/exp v0.0.0-20240719175910-8a7402abbf56
go: downloading gopkg.in/yaml.v3 v3.0.1
go: downloading cloud.google.com/go/secretmanager v1.14.2
go: downloading github.com/go-git/go-git/v5 v5.13.1
go: downloading google.golang.org/api v0.210.0
go: downloading cloud.google.com/go/iam v1.2.2
go: downloading github.com/google/uuid v1.6.0
go: downloading github.com/googleapis/gax-go/v2 v2.14.0
go: downloading go.opencensus.io v0.24.0
go: downloading go.opentelemetry.io/otel v1.34.0
go: downloading go.opentelemetry.io/otel/trace v1.34.0
go: downloading github.com/sosodev/duration v1.3.1
go: downloading filippo.io/edwards25519 v1.1.0
go: downloading github.com/beorn7/perks v1.0.1
go: downloading github.com/cespare/xxhash/v2 v2.3.0
go: downloading github.com/prometheus/client_model v0.6.1
go: downloading github.com/prometheus/common v0.61.0
go: downloading github.com/prometheus/procfs v0.15.1
go: downloading github.com/klauspost/compress v1.17.11
go: downloading github.com/cpuguy83/go-md2man/v2 v2.0.6
go: downloading github.com/vmihailenco/msgpack/v5 v5.4.1
go: downloading github.com/google/wire v0.6.0
go: downloading cloud.google.com/go/compute/metadata v0.6.0
go: downloading github.com/davecgh/go-spew v1.1.1
go: downloading github.com/pmezard/go-difflib v1.0.0
go: downloading google.golang.org/genproto/googleapis/rpc v0.0.0-20250519155744-55703ea1f237
go: downloading google.golang.org/genproto v0.0.0-20241118233622-e639e219e697
go: downloading ariga.io/atlas v0.25.1-0.20240717145915-af51d3945208
go: downloading github.com/hashicorp/errwrap v1.1.0
go: downloading golang.org/x/sys v0.33.0
go: downloading github.com/go-viper/mapstructure/v2 v2.2.1
go: downloading google.golang.org/genproto/googleapis/api v0.0.0-20250218202821-56aae31c358a
go: downloading dario.cat/mergo v1.0.0
go: downloading github.com/ProtonMail/go-crypto v1.1.3
go: downloading github.com/go-git/go-billy/v5 v5.6.1
go: downloading github.com/sergi/go-diff v1.3.2-0.20230802210424-5b0b94c5c0d3
go: downloading github.com/emirpasic/gods v1.18.1
go: downloading github.com/kevinburke/ssh_config v1.2.0
go: downloading github.com/skeema/knownhosts v1.3.0
go: downloading github.com/xanzy/ssh-agent v0.3.3
go: downloading github.com/go-logr/logr v1.4.2
go: downloading go.opentelemetry.io/otel/metric v1.34.0
go: downloading cloud.google.com/go/auth v0.11.0
go: downloading github.com/munnerz/goautoneg v0.0.0-20191010083416-a7dc8b61c822
go: downloading github.com/russross/blackfriday/v2 v2.1.0
go: downloading golang.org/x/tools v0.24.0
go: downloading github.com/go-openapi/inflect v0.21.0
go: downloading golang.org/x/xerrors v0.0.0-20231012003039-104605ab7028
go: downloading github.com/vmihailenco/tagparser/v2 v2.0.0
go: downloading golang.org/x/text v0.25.0
go: downloading github.com/hashicorp/hcl/v2 v2.23.0
go: downloading github.com/zclconf/go-cty v1.14.4
go: downloading github.com/agnivade/levenshtein v1.2.0
go: downloading cloud.google.com/go/auth/oauth2adapt v0.2.6
go: downloading go.opentelemetry.io/contrib/instrumentation/google.golang.org/grpc/otelgrpc v0.54.0
go: downloading golang.org/x/time v0.8.0
go: downloading go.opentelemetry.io/contrib/instrumentation/net/http/otelhttp v0.54.0
go: downloading github.com/cyphar/filepath-securejoin v0.3.6
go: downloading github.com/go-git/gcfg v1.5.1-0.20230307220236-3a3c6141e376
go: downloading github.com/pjbgf/sha1cd v0.3.1
go: downloading github.com/jbenet/go-context v0.0.0-20150711004518-d14ea06fba99
go: downloading github.com/go-logr/stdr v1.2.2
go: downloading go.opentelemetry.io/auto/sdk v1.1.0
go: downloading github.com/google/s2a-go v0.1.8
go: downloading github.com/golang/groupcache v0.0.0-20241129210726-2c02b8208cf8
go: downloading golang.org/x/mod v0.20.0
go: downloading github.com/felixge/httpsnoop v1.0.4
go: downloading github.com/googleapis/enterprise-certificate-proxy v0.3.4
go: downloading gopkg.in/warnings.v0 v0.1.2
go: downloading github.com/agext/levenshtein v1.2.3
go: downloading github.com/apparentlymart/go-textseg/v15 v15.0.0
go: downloading github.com/mitchellh/go-wordwrap v1.0.1
go: downloading github.com/mmcloughlin/avo v0.6.0
?   	realm.pub/bin/pwnboard-go	[no test files]
?   	realm.pub/bin/pwnboard-go/pwnboard	[no test files]
?   	realm.pub/bin/pwnboard-go/tavern	[no test files]
ok  	realm.pub/tavern	0.553s
ok  	realm.pub/tavern/cli/auth	0.044s
ok  	realm.pub/tavern/internal/auth	0.059s
ok  	realm.pub/tavern/internal/c2	0.916s
ok  	realm.pub/tavern/internal/c2/c2pb	0.008s
?   	realm.pub/tavern/internal/c2/c2test	[no test files]
?   	realm.pub/tavern/internal/c2/dnspb	[no test files]
ok  	realm.pub/tavern/internal/c2/epb	0.008s
ok  	realm.pub/tavern/internal/cdn	0.046s
ok  	realm.pub/tavern/internal/cryptocodec	0.008s
?   	realm.pub/tavern/internal/ent	[no test files]
?   	realm.pub/tavern/internal/ent/beacon	[no test files]
?   	realm.pub/tavern/internal/ent/enttest	[no test files]
?   	realm.pub/tavern/internal/ent/file	[no test files]
?   	realm.pub/tavern/internal/ent/hook	[no test files]
?   	realm.pub/tavern/internal/ent/host	[no test files]
?   	realm.pub/tavern/internal/ent/hostcredential	[no test files]
?   	realm.pub/tavern/internal/ent/hostfile	[no test files]
?   	realm.pub/tavern/internal/ent/hostprocess	[no test files]
?   	realm.pub/tavern/internal/ent/migrate	[no test files]
?   	realm.pub/tavern/internal/ent/predicate	[no test files]
?   	realm.pub/tavern/internal/ent/privacy	[no test files]
?   	realm.pub/tavern/internal/ent/quest	[no test files]
?   	realm.pub/tavern/internal/ent/repository	[no test files]
?   	realm.pub/tavern/internal/ent/runtime	[no test files]
ok  	realm.pub/tavern/internal/ent/schema	0.058s
ok  	realm.pub/tavern/internal/ent/schema/validators	0.049s
?   	realm.pub/tavern/internal/ent/shell	[no test files]
?   	realm.pub/tavern/internal/ent/tag	[no test files]
?   	realm.pub/tavern/internal/ent/task	[no test files]
?   	realm.pub/tavern/internal/ent/tome	[no test files]
?   	realm.pub/tavern/internal/ent/user	[no test files]
ok  	realm.pub/tavern/internal/errors	0.006s
ok  	realm.pub/tavern/internal/graphql	0.411s
?   	realm.pub/tavern/internal/graphql/generated	[no test files]
?   	realm.pub/tavern/internal/graphql/models	[no test files]
ok  	realm.pub/tavern/internal/http	0.064s
ok  	realm.pub/tavern/internal/http/stream	2.808s
ok  	realm.pub/tavern/internal/namegen	0.999s
?   	realm.pub/tavern/internal/redirectors	[no test files]
ok  	realm.pub/tavern/internal/redirectors/dns	0.023s
ok  	realm.pub/tavern/internal/redirectors/grpc	0.058s
ok  	realm.pub/tavern/internal/redirectors/http1	0.019s
ok  	realm.pub/tavern/internal/secrets	0.393s
?   	realm.pub/tavern/internal/www	[no test files]
ok  	realm.pub/tavern/tomes	0.107s
